﻿[36mvite v7.3.1 [32mbuilding client environment for production...[36m[39m
transforming...
[32mΓ£ô[39m 20 modules transformed.
node : [31mΓ£ù[39m Build failed in 645ms
At line:1 char:1
+ node node_modules/vite/bin/vite.js build > build_output.txt 2>&1
+ ~~~~~~~~~~~~~~~~~~~~~~~~~~~~~~~~~~~~~~~~~~~~~~~~~~~~~~~~~~~~~~~~
    + CategoryInfo          : NotSpecified: ([31mΓ£ù[39m Build failed in 645ms:String) [], RemoteException
    + FullyQualifiedErrorId : NativeCommandError
 
[31merror during build:
[31m[vite:esbuild] Transform failed with 1 error:
C:/Users/brlus/Documents/GDrive/SAGASON SPA/SitioWeb/sagason/src/pages/Tags4K.jsx:59:64: ERROR: Expected "}" but found 
"-"[31m
file: [36mC:/Users/brlus/Documents/GDrive/SAGASON SPA/SitioWeb/sagason/src/pages/Tags4K.jsx:59:64[31m
[33m
[33mExpected "}" but found "-"[33m
57 |              <div style={{ marginBottom: '15px' }}>{icon}</div>
58 |              <h3 style={{ color: 'white', marginBottom: '10px', fontSize: '18px' }}>{title}</h3>
59 |              <p style={{ color: '#94a3b8', fontSize: '14px', line-height: '1.6' }}>{desc}</p>
   |                                                                  ^
60 |          </motion.div>
61 |      );
[31m
    at failureErrorWithLog (C:\Users\brlus\Documents\GDrive\SAGASON 
SPA\SitioWeb\sagason\node_modules\esbuild\lib\main.js:1467:15)
    at C:\Users\brlus\Documents\GDrive\SAGASON SPA\SitioWeb\sagason\node_modules\esbuild\lib\main.js:736:50
    at responseCallbacks.<computed> (C:\Users\brlus\Documents\GDrive\SAGASON 
SPA\SitioWeb\sagason\node_modules\esbuild\lib\main.js:603:9)
    at handleIncomingPacket (C:\Users\brlus\Documents\GDrive\SAGASON 
SPA\SitioWeb\sagason\node_modules\esbuild\lib\main.js:658:12)
    at Socket.readFromStdout (C:\Users\brlus\Documents\GDrive\SAGASON 
SPA\SitioWeb\sagason\node_modules\esbuild\lib\main.js:581:7)
    at Socket.emit (node:events:518:28)
    at Socket.emit (node:domain:489:12)
    at addChunk (node:internal/streams/readable:561:12)
    at readableAddChunkPushByteMode (node:internal/streams/readable:512:3)
    at Readable.push (node:internal/streams/readable:392:5)[39m
